#
# There is insufficient memory for the Java Runtime Environment to continue.
# Native memory allocation (malloc) failed to allocate 1157776 bytes. Error detail: Chunk::new
# Possible reasons:
#   The system is out of physical RAM or swap space
#   This process is running with CompressedOops enabled, and the Java Heap may be blocking the growth of the native heap
# Possible solutions:
#   Reduce memory load on the system
#   Increase physical memory or swap space
#   Check if swap backing store is full
#   Decrease Java heap size (-Xmx/-Xms)
#   Decrease number of Java threads
#   Decrease Java thread stack sizes (-Xss)
#   Set larger code cache with -XX:ReservedCodeCacheSize=
#   JVM is running with Unscaled Compressed Oops mode in which the Java heap is
#     placed in the first 4GB address space. The Java Heap base address is the
#     maximum limit for the native heap growth. Please use -XX:HeapBaseMinAddress
#     to set the Java Heap base and to place the Java Heap above 4GB virtual address.
# This output file may be truncated or incomplete.
#
#  Out of Memory Error (arena.cpp:168), pid=14808, tid=21232
#
# JRE version: OpenJDK Runtime Environment Temurin-21.0.11+10 (21.0.11+10) (build 21.0.11+10-LTS)
# Java VM: OpenJDK 64-Bit Server VM Temurin-21.0.11+10 (21.0.11+10-LTS, mixed mode, sharing, tiered, compressed oops, compressed class ptrs, parallel gc, windows-amd64)
# No core dump will be written. Minidumps are not enabled by default on client versions of Windows
#

---------------  S U M M A R Y ------------

Command Line: --add-modules=ALL-SYSTEM --add-opens=java.base/java.util=ALL-UNNAMED --add-opens=java.base/java.lang=ALL-UNNAMED --add-opens=java.base/sun.nio.fs=ALL-UNNAMED -Declipse.application=org.eclipse.jdt.ls.core.id1 -Dosgi.bundles.defaultStartLevel=4 -Declipse.product=org.eclipse.jdt.ls.core.product -Djava.import.generatesMetadataFilesAtProjectRoot=false -DDetectVMInstallationsJob.disabled=true -Dfile.encoding=utf8 -XX:+UseParallelGC -XX:GCTimeRatio=4 -XX:AdaptiveSizePolicyWeight=90 -Dsun.zip.disableMemoryMapping=true -Xmx2G -Xms100m -Xlog:disable -javaagent:c:\Users\ephremd.COOPBANK\.vscode\extensions\redhat.java-1.55.0-win32-x64\lombok\lombok-1.18.39-4050.jar -XX:+HeapDumpOnOutOfMemoryError -XX:HeapDumpPath=c:\Users\ephremd.COOPBANK\AppData\Roaming\Code\User\workspaceStorage\bfffba763fd085e91090f8b7b16d8f0f\redhat.java -Daether.dependencyCollector.impl=bf c:\Users\ephremd.COOPBANK\.vscode\extensions\redhat.java-1.55.0-win32-x64\server\plugins\org.eclipse.equinox.launcher_1.7.200.v20260619-2039.jar -configuration c:\Users\ephremd.COOPBANK\AppData\Roaming\Code\User\globalStorage\redhat.java\1.55.0\config_win -data c:\Users\ephremd.COOPBANK\AppData\Roaming\Code\User\workspaceStorage\bfffba763fd085e91090f8b7b16d8f0f\redhat.java\jdt_ws --pipe=\\.\pipe\lsp-0345508411ddd10d655171c76a9b19f0-sock

Host: Intel(R) Core(TM) i5-10400T CPU @ 2.00GHz, 12 cores, 7G,  Windows 11 , 64 bit Build 26100 (10.0.26100.8521)
Time: Tue Jul 14 15:38:44 2026 E. Africa Standard Time elapsed time: 18193.488544 seconds (0d 5h 3m 13s)

---------------  T H R E A D  ---------------

Current thread (0x000002d57e9b3db0):  JavaThread "C2 CompilerThread0" daemon [_thread_in_native, id=21232, stack(0x000000e858400000,0x000000e858500000) (1024K)]


Current CompileTask:
C2:18193544 15758       4       org.eclipse.osgi.internal.serviceregistry.ServiceRegistry::notifyHooksPrivileged (57 bytes)

Stack: [0x000000e858400000,0x000000e858500000]
Native frames: (J=compiled Java code, j=interpreted, Vv=VM code, C=native code)
V  [jvm.dll+0x6d7e19]
V  [jvm.dll+0x8b5096]
V  [jvm.dll+0x8b764e]
V  [jvm.dll+0x8b7d33]
V  [jvm.dll+0x284596]
V  [jvm.dll+0xc685d]
V  [jvm.dll+0xc6da1]
V  [jvm.dll+0x3bed31]
V  [jvm.dll+0x38b2b2]
V  [jvm.dll+0x38a6fa]
V  [jvm.dll+0x24c700]
V  [jvm.dll+0x24bce0]
V  [jvm.dll+0x1cb4ae]
V  [jvm.dll+0x25baad]
V  [jvm.dll+0x25a03a]
V  [jvm.dll+0x3f868e]
V  [jvm.dll+0x85fb0d]
V  [jvm.dll+0x6d664d]
C  [ucrtbase.dll+0x2cd30]
C  [KERNEL32.DLL+0x2e957]
C  [ntdll.dll+0x87c1c]


---------------  P R O C E S S  ---------------

Threads class SMR info:
_java_thread_list=0x000002d57eb3f840, length=40, elements={
0x000002d5236e93b0, 0x000002d525b957e0, 0x000002d53c59e960, 0x000002d525b99240,
0x000002d525b9b1d0, 0x000002d525b9a4b0, 0x000002d525b9d2a0, 0x000002d57e9b3db0,
0x000002d57e9b7830, 0x000002d525b9b860, 0x000002d525b9ab40, 0x000002d525b9c580,
0x000002d525b9bef0, 0x000002d525b9cc10, 0x000002d525b99e20, 0x000002d50507af00,
0x000002d50507a1e0, 0x000002d50507a870, 0x000002d5050794c0, 0x000002d50507bc20,
0x000002d50507dcf0, 0x000002d50507c940, 0x000002d50507cfd0, 0x000002d50507e380,
0x000002d505080450, 0x000002d505080ae0, 0x000002d50507ea10, 0x000002d5072ecbe0,
0x000002d5072ec550, 0x000002d5072e9df0, 0x000002d5072ea480, 0x000002d5072eab10,
0x000002d5072e9760, 0x000002d5072ebec0, 0x000002d5072ed900, 0x000002d5072ee620,
0x000002d5074b6a50, 0x000002d5074b3c60, 0x000002d5074b1b90, 0x000002d5074b2220
}

Java Threads: ( => current thread )
  0x000002d5236e93b0 JavaThread "main"                              [_thread_blocked, id=11568, stack(0x000000e857a00000,0x000000e857b00000) (1024K)]
  0x000002d525b957e0 JavaThread "Reference Handler"          daemon [_thread_blocked, id=10196, stack(0x000000e857e00000,0x000000e857f00000) (1024K)]
  0x000002d53c59e960 JavaThread "Finalizer"                  daemon [_thread_blocked, id=13064, stack(0x000000e857f00000,0x000000e858000000) (1024K)]
  0x000002d525b99240 JavaThread "Signal Dispatcher"          daemon [_thread_blocked, id=22512, stack(0x000000e858000000,0x000000e858100000) (1024K)]
  0x000002d525b9b1d0 JavaThread "Attach Listener"            daemon [_thread_blocked, id=4796, stack(0x000000e858100000,0x000000e858200000) (1024K)]
  0x000002d525b9a4b0 JavaThread "Service Thread"             daemon [_thread_blocked, id=5104, stack(0x000000e858200000,0x000000e858300000) (1024K)]
  0x000002d525b9d2a0 JavaThread "Monitor Deflation Thread"   daemon [_thread_blocked, id=18000, stack(0x000000e858300000,0x000000e858400000) (1024K)]
=>0x000002d57e9b3db0 JavaThread "C2 CompilerThread0"         daemon [_thread_in_native, id=21232, stack(0x000000e858400000,0x000000e858500000) (1024K)]
  0x000002d57e9b7830 JavaThread "C1 CompilerThread0"         daemon [_thread_blocked, id=22848, stack(0x000000e858500000,0x000000e858600000) (1024K)]
  0x000002d525b9b860 JavaThread "Common-Cleaner"             daemon [_thread_blocked, id=13196, stack(0x000000e858600000,0x000000e858700000) (1024K)]
  0x000002d525b9ab40 JavaThread "Notification Thread"        daemon [_thread_blocked, id=2928, stack(0x000000e858700000,0x000000e858800000) (1024K)]
  0x000002d525b9c580 JavaThread "Active Thread: Equinox Container: a0821be6-f88a-4a00-991e-eb11c208efe9"        [_thread_blocked, id=21448, stack(0x000000e858f00000,0x000000e859000000) (1024K)]
  0x000002d525b9bef0 JavaThread "Refresh Thread: Equinox Container: a0821be6-f88a-4a00-991e-eb11c208efe9" daemon [_thread_blocked, id=16180, stack(0x000000e859000000,0x000000e859100000) (1024K)]
  0x000002d525b9cc10 JavaThread "Framework Event Dispatcher: Equinox Container: a0821be6-f88a-4a00-991e-eb11c208efe9" daemon [_thread_blocked, id=22668, stack(0x000000e859100000,0x000000e859200000) (1024K)]
  0x000002d525b99e20 JavaThread "Start Level: Equinox Container: a0821be6-f88a-4a00-991e-eb11c208efe9" daemon [_thread_blocked, id=20280, stack(0x000000e859200000,0x000000e859300000) (1024K)]
  0x000002d50507af00 JavaThread "Bundle File Closer"         daemon [_thread_blocked, id=22948, stack(0x000000e859600000,0x000000e859700000) (1024K)]
  0x000002d50507a1e0 JavaThread "SCR Component Actor"        daemon [_thread_blocked, id=3584, stack(0x000000e859300000,0x000000e859400000) (1024K)]
  0x000002d50507a870 JavaThread "Worker-JM"                         [_thread_blocked, id=19256, stack(0x000000e859900000,0x000000e859a00000) (1024K)]
  0x000002d5050794c0 JavaThread "JNA Cleaner"                daemon [_thread_blocked, id=4932, stack(0x000000e859700000,0x000000e859800000) (1024K)]
  0x000002d50507bc20 JavaThread "Java indexing"              daemon [_thread_blocked, id=12340, stack(0x000000e859e00000,0x000000e859f00000) (1024K)]
  0x000002d50507dcf0 JavaThread "Thread-1"                   daemon [_thread_in_native, id=7008, stack(0x000000e85a400000,0x000000e85a500000) (1024K)]
  0x000002d50507c940 JavaThread "Thread-2"                   daemon [_thread_in_native, id=10360, stack(0x000000e85a500000,0x000000e85a600000) (1024K)]
  0x000002d50507cfd0 JavaThread "Thread-3"                   daemon [_thread_in_native, id=13060, stack(0x000000e85a600000,0x000000e85a700000) (1024K)]
  0x000002d50507e380 JavaThread "Thread-4"                   daemon [_thread_in_native, id=4768, stack(0x000000e85a700000,0x000000e85a800000) (1024K)]
  0x000002d505080450 JavaThread "Thread-5"                   daemon [_thread_in_native, id=17068, stack(0x000000e85a800000,0x000000e85a900000) (1024K)]
  0x000002d505080ae0 JavaThread "Thread-6"                   daemon [_thread_in_native, id=6544, stack(0x000000e85a900000,0x000000e85aa00000) (1024K)]
  0x000002d50507ea10 JavaThread "Thread-7"                   daemon [_thread_in_native, id=17936, stack(0x000000e85aa00000,0x000000e85ab00000) (1024K)]
  0x000002d5072ecbe0 JavaThread "Thread-8"                   daemon [_thread_in_native, id=19388, stack(0x000000e85ab00000,0x000000e85ac00000) (1024K)]
  0x000002d5072ec550 JavaThread "Thread-9"                   daemon [_thread_in_native, id=21360, stack(0x000000e85ac00000,0x000000e85ad00000) (1024K)]
  0x000002d5072e9df0 JavaThread "Thread-10"                  daemon [_thread_in_native, id=1120, stack(0x000000e85ad00000,0x000000e85ae00000) (1024K)]
  0x000002d5072ea480 JavaThread "Thread-11"                  daemon [_thread_in_native, id=7932, stack(0x000000e85ae00000,0x000000e85af00000) (1024K)]
  0x000002d5072eab10 JavaThread "Thread-12"                  daemon [_thread_in_native, id=5156, stack(0x000000e85af00000,0x000000e85b000000) (1024K)]
  0x000002d5072e9760 JavaThread "Thread-13"                  daemon [_thread_in_native, id=16728, stack(0x000000e85b000000,0x000000e85b100000) (1024K)]
  0x000002d5072ebec0 JavaThread "pool-2-thread-1"                   [_thread_blocked, id=10488, stack(0x000000e85b100000,0x000000e85b200000) (1024K)]
  0x000002d5072ed900 JavaThread "WorkspaceEventsHandler"            [_thread_blocked, id=11472, stack(0x000000e85b200000,0x000000e85b300000) (1024K)]
  0x000002d5072ee620 JavaThread "pool-1-thread-1"                   [_thread_blocked, id=15228, stack(0x000000e85b300000,0x000000e85b400000) (1024K)]
  0x000002d5074b6a50 JavaThread "Worker-7"                          [_thread_blocked, id=23264, stack(0x000000e85a200000,0x000000e85a300000) (1024K)]
  0x000002d5074b3c60 JavaThread "Worker-22"                         [_thread_blocked, id=23916, stack(0x000000e859b00000,0x000000e859c00000) (1024K)]
  0x000002d5074b1b90 JavaThread "pool-7-thread-1"                   [_thread_blocked, id=31288, stack(0x000000e857700000,0x000000e857800000) (1024K)]
  0x000002d5074b2220 JavaThread "Framework stop - Equinox Container: a0821be6-f88a-4a00-991e-eb11c208efe9"        [_thread_in_vm, id=4872, stack(0x000000e857800000,0x000000e857900000) (1024K)]
Total: 40

Other Threads:
  0x000002d57e9b10a0 VMThread "VM Thread"                           [id=5172, stack(0x000000e857d00000,0x000000e857e00000) (1024K)]
  0x000002d53c47ca00 WatcherThread "VM Periodic Task Thread"        [id=14640, stack(0x000000e857c00000,0x000000e857d00000) (1024K)]
  0x000002d525b0e570 WorkerThread "GC Thread#0"                     [id=1528, stack(0x000000e857b00000,0x000000e857c00000) (1024K)]
  0x000002d57ecf7a20 WorkerThread "GC Thread#1"                     [id=5884, stack(0x000000e858900000,0x000000e858a00000) (1024K)]
  0x000002d57ecf8180 WorkerThread "GC Thread#2"                     [id=22760, stack(0x000000e858a00000,0x000000e858b00000) (1024K)]
  0x000002d57ecf6b60 WorkerThread "GC Thread#3"                     [id=2012, stack(0x000000e858b00000,0x000000e858c00000) (1024K)]
  0x000002d57ecf7dd0 WorkerThread "GC Thread#4"                     [id=4684, stack(0x000000e858c00000,0x000000e858d00000) (1024K)]
  0x000002d57ecf6f10 WorkerThread "GC Thread#5"                     [id=7660, stack(0x000000e858d00000,0x000000e858e00000) (1024K)]
  0x000002d57ecf7670 WorkerThread "GC Thread#6"                     [id=12020, stack(0x000000e858e00000,0x000000e858f00000) (1024K)]
  0x000002d5044ee6a0 WorkerThread "GC Thread#7"                     [id=17788, stack(0x000000e858800000,0x000000e858900000) (1024K)]
  0x000002d5044f07d0 WorkerThread "GC Thread#8"                     [id=13024, stack(0x000000e859400000,0x000000e859500000) (1024K)]
  0x000002d5044f0420 WorkerThread "GC Thread#9"                     [id=23220, stack(0x000000e859500000,0x000000e859600000) (1024K)]
Total: 12

Threads with active compile tasks:
C2 CompilerThread0  18194554 15758       4       org.eclipse.osgi.internal.serviceregistry.ServiceRegistry::notifyHooksPrivileged (57 bytes)
Total: 1

VM state: not at safepoint (normal execution)

VM Mutex/Monitor currently owned by a thread:  ([mutex/lock_event])
[0x00007ffc7da1f470] CodeCache_lock - owner thread: 0x000002d5074b2220

Heap address: 0x0000000080000000, size: 2048 MB, Compressed Oops mode: 32-bit

CDS archive(s) mapped at: [0x000002d53d000000-0x000002d53dba0000-0x000002d53dba0000), size 12189696, SharedBaseAddress: 0x000002d53d000000, ArchiveRelocationMode: 1.
Compressed class space mapped at: 0x000002d53e000000-0x000002d57e000000, reserved size: 1073741824
Narrow klass base: 0x000002d53d000000, Narrow klass shift: 0, Narrow klass range: 0x100000000

GC Precious Log:
 CardTable entry size: 512
 CPUs: 12 total, 12 available
 Memory: 7967M
 Large Page Support: Disabled
 NUMA Support: Disabled
 Compressed Oops: Enabled (32-bit)
 Alignments: Space 512K, Generation 512K, Heap 2M
 Heap Min Capacity: 100M
 Heap Initial Capacity: 100M
 Heap Max Capacity: 2G
 Pre-touch: Disabled
 Parallel Workers: 10

Heap:
 PSYoungGen      total 2048K, used 1103K [0x00000000d5580000, 0x00000000d5800000, 0x0000000100000000)
  eden space 1536K, 55% used [0x00000000d5580000,0x00000000d5653db8,0x00000000d5700000)
  from space 512K, 50% used [0x00000000d5780000,0x00000000d57c0000,0x00000000d5800000)
  to   space 512K, 0% used [0x00000000d5700000,0x00000000d5700000,0x00000000d5780000)
 ParOldGen       total 460288K, used 459828K [0x0000000080000000, 0x000000009c180000, 0x00000000d5580000)
  object space 460288K, 99% used [0x0000000080000000,0x000000009c10d0f8,0x000000009c180000)
 Metaspace       used 69361K, committed 71104K, reserved 1114112K
  class space    used 7239K, committed 8000K, reserved 1048576K

Card table byte_map: [0x000002d525490000,0x000002d5258a0000] _byte_map_base: 0x000002d525090000

Marking Bits: (ParMarkBitMap*) 0x00007ffc7da24460
 Begin Bits: [0x000002d537fa0000, 0x000002d539fa0000)
 End Bits:   [0x000002d539fa0000, 0x000002d53bfa0000)

Polling page: 0x000002d523e60000

Metaspace:

Usage:
  Non-class:     60.67 MB used.
      Class:      7.07 MB used.
       Both:     67.74 MB used.

Virtual space:
  Non-class space:       64.00 MB reserved,      61.62 MB ( 96%) committed,  1 nodes.
      Class space:        1.00 GB reserved,       7.81 MB ( <1%) committed,  1 nodes.
             Both:        1.06 GB reserved,      69.44 MB (  6%) committed. 

Chunk freelists:
   Non-Class:  1.98 MB
       Class:  8.16 MB
        Both:  10.14 MB

MaxMetaspaceSize: unlimited
CompressedClassSpaceSize: 1.00 GB
Initial GC threshold: 21.00 MB
Current GC threshold: 97.31 MB
CDS: on
 - commit_granule_bytes: 65536.
 - commit_granule_words: 8192.
 - virtual_space_node_default_size: 8388608.
 - enlarge_chunks_in_place: 1.
 - use_allocation_guard: 0.


Internal statistics:

num_allocs_failed_limit: 9.
num_arena_births: 1400.
num_arena_deaths: 14.
num_vsnodes_births: 2.
num_vsnodes_deaths: 0.
num_space_committed: 1111.
num_space_uncommitted: 0.
num_chunks_returned_to_freelist: 23.
num_chunks_taken_from_freelist: 4846.
num_chunk_merges: 15.
num_chunk_splits: 2922.
num_chunks_enlarged: 1530.
num_inconsistent_stats: 0.

CodeHeap 'non-profiled nmethods': size=120000Kb used=12099Kb max_used=12099Kb free=107900Kb
 bounds [0x000002d5307c0000, 0x000002d5313a0000, 0x000002d537cf0000]
CodeHeap 'profiled nmethods': size=120000Kb used=34946Kb max_used=34946Kb free=85053Kb
 bounds [0x000002d528cf0000, 0x000002d52af20000, 0x000002d530220000]
CodeHeap 'non-nmethods': size=5760Kb used=1445Kb max_used=1606Kb free=4314Kb
 bounds [0x000002d530220000, 0x000002d530490000, 0x000002d5307c0000]
CodeCache: size=245760Kb, used=48490Kb, max_used=48651Kb, free=197267Kb
 total_blobs=15721, nmethods=14966, adapters=660, full_count=0
Compilation: enabled, stopped_count=0, restarted_count=0

Compilation events (20 events):
Event: 18192.129 Thread 0x000002d57e9b7830 15759       1       org.apache.felix.scr.impl.inject.methods.BaseMethod::getDSVersion (5 bytes)
Event: 18192.130 Thread 0x000002d57e9b7830 nmethod 15759 0x000002d53138f990 code [0x000002d53138fb20, 0x000002d53138fbe8]
Event: 18192.130 Thread 0x000002d57e9b7830 15760       3       org.apache.felix.scr.impl.inject.BindParameters::<init> (11 bytes)
Event: 18192.130 Thread 0x000002d57e9b7830 nmethod 15760 0x000002d52af04290 code [0x000002d52af04440, 0x000002d52af04638]
Event: 18192.132 Thread 0x000002d57e9b7830 15761       1       org.apache.felix.scr.impl.inject.MethodResult::hasResult (5 bytes)
Event: 18192.132 Thread 0x000002d57e9b7830 nmethod 15761 0x000002d53138fc90 code [0x000002d53138fe20, 0x000002d53138fef0]
Event: 18192.137 Thread 0x000002d57e9b7830 15762       1       org.apache.felix.scr.impl.manager.DependencyManager::getIndex (5 bytes)
Event: 18192.137 Thread 0x000002d57e9b7830 nmethod 15762 0x000002d53138ff90 code [0x000002d531390120, 0x000002d5313901e8]
Event: 18192.261 Thread 0x000002d57e9b7830 15763       3       org.eclipse.m2e.core.internal.embedder.LifecycleManagerDisposer$$Lambda/0x000002d53e76db48::test (9 bytes)
Event: 18192.263 Thread 0x000002d57e9b7830 nmethod 15763 0x000002d52af04710 code [0x000002d52af048e0, 0x000002d52af04e48]
Event: 18192.263 Thread 0x000002d57e9b7830 15764       3       org.eclipse.m2e.core.internal.embedder.LifecycleManagerDisposer::lambda$0 (26 bytes)
Event: 18192.263 Thread 0x000002d57e9b7830 nmethod 15764 0x000002d52af05010 code [0x000002d52af051e0, 0x000002d52af056c0]
Event: 18192.364 Thread 0x000002d57e9b7830 15765       3       org.eclipse.sisu.inject.MildValues$ValueItr::next (27 bytes)
Event: 18192.365 Thread 0x000002d57e9b7830 nmethod 15765 0x000002d52af05810 code [0x000002d52af059e0, 0x000002d52af05c60]
Event: 18192.365 Thread 0x000002d57e9b7830 15766       3       org.eclipse.sisu.inject.MildElements::compact (21 bytes)
Event: 18192.365 Thread 0x000002d57e9b7830 nmethod 15766 0x000002d52af05d90 code [0x000002d52af05f60, 0x000002d52af06220]
Event: 18192.365 Thread 0x000002d57e9b7830 15767       3       org.eclipse.sisu.inject.MildElements$Itr::hasNext (77 bytes)
Event: 18192.365 Thread 0x000002d57e9b7830 nmethod 15767 0x000002d52af06310 code [0x000002d52af06500, 0x000002d52af06ad0]
Event: 18192.372 Thread 0x000002d57e9b7830 15768   !   3       com.google.inject.internal.ProviderToInternalFactoryAdapter::get (47 bytes)
Event: 18192.376 Thread 0x000002d57e9b7830 nmethod 15768 0x000002d52af06c90 code [0x000002d52af06e80, 0x000002d52af07280]

GC Heap History (20 events):
Event: 8708.549 GC heap before
{Heap before GC invocations=598 (full 3):
 PSYoungGen      total 2048K, used 1728K [0x00000000d5580000, 0x00000000d5800000, 0x0000000100000000)
  eden space 1536K, 100% used [0x00000000d5580000,0x00000000d5700000,0x00000000d5700000)
  from space 512K, 37% used [0x00000000d5780000,0x00000000d57b0000,0x00000000d5800000)
  to   space 512K, 0% used [0x00000000d5700000,0x00000000d5700000,0x00000000d5780000)
 ParOldGen       total 428032K, used 427914K [0x0000000080000000, 0x000000009a200000, 0x00000000d5580000)
  object space 428032K, 99% used [0x0000000080000000,0x000000009a1e28e8,0x000000009a200000)
 Metaspace       used 68979K, committed 70720K, reserved 1114112K
  class space    used 7198K, committed 7936K, reserved 1048576K
}
Event: 8708.554 GC heap after
{Heap after GC invocations=598 (full 3):
 PSYoungGen      total 2048K, used 320K [0x00000000d5580000, 0x00000000d5800000, 0x0000000100000000)
  eden space 1536K, 0% used [0x00000000d5580000,0x00000000d5580000,0x00000000d5700000)
  from space 512K, 62% used [0x00000000d5700000,0x00000000d5750000,0x00000000d5780000)
  to   space 512K, 0% used [0x00000000d5780000,0x00000000d5780000,0x00000000d5800000)
 ParOldGen       total 428032K, used 427954K [0x0000000080000000, 0x000000009a200000, 0x00000000d5580000)
  object space 428032K, 99% used [0x0000000080000000,0x000000009a1ec8e8,0x000000009a200000)
 Metaspace       used 68979K, committed 70720K, reserved 1114112K
  class space    used 7198K, committed 7936K, reserved 1048576K
}
Event: 8709.025 GC heap before
{Heap before GC invocations=599 (full 3):
 PSYoungGen      total 2048K, used 1842K [0x00000000d5580000, 0x00000000d5800000, 0x0000000100000000)
  eden space 1536K, 99% used [0x00000000d5580000,0x00000000d56fc948,0x00000000d5700000)
  from space 512K, 62% used [0x00000000d5700000,0x00000000d5750000,0x00000000d5780000)
  to   space 512K, 0% used [0x00000000d5780000,0x00000000d5780000,0x00000000d5800000)
 ParOldGen       total 428032K, used 427954K [0x0000000080000000, 0x000000009a200000, 0x00000000d5580000)
  object space 428032K, 99% used [0x0000000080000000,0x000000009a1ec8e8,0x000000009a200000)
 Metaspace       used 69015K, committed 70784K, reserved 1114112K
  class space    used 7198K, committed 7936K, reserved 1048576K
}
Event: 8709.039 GC heap after
{Heap after GC invocations=599 (full 3):
 PSYoungGen      total 2048K, used 448K [0x00000000d5580000, 0x00000000d5800000, 0x0000000100000000)
  eden space 1536K, 0% used [0x00000000d5580000,0x00000000d5580000,0x00000000d5700000)
  from space 512K, 87% used [0x00000000d5780000,0x00000000d57f0000,0x00000000d5800000)
  to   space 512K, 0% used [0x00000000d5700000,0x00000000d5700000,0x00000000d5780000)
 ParOldGen       total 428544K, used 428146K [0x0000000080000000, 0x000000009a280000, 0x00000000d5580000)
  object space 428544K, 99% used [0x0000000080000000,0x000000009a21c8e8,0x000000009a280000)
 Metaspace       used 69015K, committed 70784K, reserved 1114112K
  class space    used 7198K, committed 7936K, reserved 1048576K
}
Event: 8709.308 GC heap before
{Heap before GC invocations=600 (full 3):
 PSYoungGen      total 2048K, used 1984K [0x00000000d5580000, 0x00000000d5800000, 0x0000000100000000)
  eden space 1536K, 100% used [0x00000000d5580000,0x00000000d5700000,0x00000000d5700000)
  from space 512K, 87% used [0x00000000d5780000,0x00000000d57f0000,0x00000000d5800000)
  to   space 512K, 0% used [0x00000000d5700000,0x00000000d5700000,0x00000000d5780000)
 ParOldGen       total 428544K, used 428146K [0x0000000080000000, 0x000000009a280000, 0x00000000d5580000)
  object space 428544K, 99% used [0x0000000080000000,0x000000009a21c8e8,0x000000009a280000)
 Metaspace       used 69047K, committed 70784K, reserved 1114112K
  class space    used 7199K, committed 7936K, reserved 1048576K
}
Event: 8709.316 GC heap after
{Heap after GC invocations=600 (full 3):
 PSYoungGen      total 2048K, used 352K [0x00000000d5580000, 0x00000000d5800000, 0x0000000100000000)
  eden space 1536K, 0% used [0x00000000d5580000,0x00000000d5580000,0x00000000d5700000)
  from space 512K, 68% used [0x00000000d5700000,0x00000000d5758020,0x00000000d5780000)
  to   space 512K, 0% used [0x00000000d5780000,0x00000000d5780000,0x00000000d5800000)
 ParOldGen       total 428544K, used 428416K [0x0000000080000000, 0x000000009a280000, 0x00000000d5580000)
  object space 428544K, 99% used [0x0000000080000000,0x000000009a260068,0x000000009a280000)
 Metaspace       used 69047K, committed 70784K, reserved 1114112K
  class space    used 7199K, committed 7936K, reserved 1048576K
}
Event: 8709.441 GC heap before
{Heap before GC invocations=601 (full 3):
 PSYoungGen      total 2048K, used 1888K [0x00000000d5580000, 0x00000000d5800000, 0x0000000100000000)
  eden space 1536K, 100% used [0x00000000d5580000,0x00000000d5700000,0x00000000d5700000)
  from space 512K, 68% used [0x00000000d5700000,0x00000000d5758020,0x00000000d5780000)
  to   space 512K, 0% used [0x00000000d5780000,0x00000000d5780000,0x00000000d5800000)
 ParOldGen       total 460288K, used 459136K [0x0000000080000000, 0x000000009c180000, 0x00000000d5580000)
  object space 460288K, 99% used [0x0000000080000000,0x000000009c060098,0x000000009c180000)
 Metaspace       used 69054K, committed 70784K, reserved 1114112K
  class space    used 7199K, committed 7936K, reserved 1048576K
}
Event: 8709.446 GC heap after
{Heap after GC invocations=601 (full 3):
 PSYoungGen      total 2048K, used 352K [0x00000000d5580000, 0x00000000d5800000, 0x0000000100000000)
  eden space 1536K, 0% used [0x00000000d5580000,0x00000000d5580000,0x00000000d5700000)
  from space 512K, 68% used [0x00000000d5780000,0x00000000d57d8000,0x00000000d5800000)
  to   space 512K, 0% used [0x00000000d5700000,0x00000000d5700000,0x00000000d5780000)
 ParOldGen       total 460288K, used 459316K [0x0000000080000000, 0x000000009c180000, 0x00000000d5580000)
  object space 460288K, 99% used [0x0000000080000000,0x000000009c08d0c8,0x000000009c180000)
 Metaspace       used 69054K, committed 70784K, reserved 1114112K
  class space    used 7199K, committed 7936K, reserved 1048576K
}
Event: 8813.191 GC heap before
{Heap before GC invocations=602 (full 3):
 PSYoungGen      total 2048K, used 1880K [0x00000000d5580000, 0x00000000d5800000, 0x0000000100000000)
  eden space 1536K, 99% used [0x00000000d5580000,0x00000000d56fe270,0x00000000d5700000)
  from space 512K, 68% used [0x00000000d5780000,0x00000000d57d8000,0x00000000d5800000)
  to   space 512K, 0% used [0x00000000d5700000,0x00000000d5700000,0x00000000d5780000)
 ParOldGen       total 460288K, used 459316K [0x0000000080000000, 0x000000009c180000, 0x00000000d5580000)
  object space 460288K, 99% used [0x0000000080000000,0x000000009c08d0c8,0x000000009c180000)
 Metaspace       used 69078K, committed 70848K, reserved 1114112K
  class space    used 7199K, committed 7936K, reserved 1048576K
}
Event: 8813.273 GC heap after
{Heap after GC invocations=602 (full 3):
 PSYoungGen      total 2048K, used 224K [0x00000000d5580000, 0x00000000d5800000, 0x0000000100000000)
  eden space 1536K, 0% used [0x00000000d5580000,0x00000000d5580000,0x00000000d5700000)
  from space 512K, 43% used [0x00000000d5700000,0x00000000d5738000,0x00000000d5780000)
  to   space 512K, 0% used [0x00000000d5780000,0x00000000d5780000,0x00000000d5800000)
 ParOldGen       total 460288K, used 459396K [0x0000000080000000, 0x000000009c180000, 0x00000000d5580000)
  object space 460288K, 99% used [0x0000000080000000,0x000000009c0a10c8,0x000000009c180000)
 Metaspace       used 69078K, committed 70848K, reserved 1114112K
  class space    used 7199K, committed 7936K, reserved 1048576K
}
Event: 8813.927 GC heap before
{Heap before GC invocations=603 (full 3):
 PSYoungGen      total 2048K, used 1759K [0x00000000d5580000, 0x00000000d5800000, 0x0000000100000000)
  eden space 1536K, 99% used [0x00000000d5580000,0x00000000d56ffff8,0x00000000d5700000)
  from space 512K, 43% used [0x00000000d5700000,0x00000000d5738000,0x00000000d5780000)
  to   space 512K, 0% used [0x00000000d5780000,0x00000000d5780000,0x00000000d5800000)
 ParOldGen       total 460288K, used 459396K [0x0000000080000000, 0x000000009c180000, 0x00000000d5580000)
  object space 460288K, 99% used [0x0000000080000000,0x000000009c0a10c8,0x000000009c180000)
 Metaspace       used 69083K, committed 70848K, reserved 1114112K
  class space    used 7199K, committed 7936K, reserved 1048576K
}
Event: 8813.931 GC heap after
{Heap after GC invocations=603 (full 3):
 PSYoungGen      total 2048K, used 320K [0x00000000d5580000, 0x00000000d5800000, 0x0000000100000000)
  eden space 1536K, 0% used [0x00000000d5580000,0x00000000d5580000,0x00000000d5700000)
  from space 512K, 62% used [0x00000000d5780000,0x00000000d57d0000,0x00000000d5800000)
  to   space 512K, 0% used [0x00000000d5700000,0x00000000d5700000,0x00000000d5780000)
 ParOldGen       total 460288K, used 459476K [0x0000000080000000, 0x000000009c180000, 0x00000000d5580000)
  object space 460288K, 99% used [0x0000000080000000,0x000000009c0b50c8,0x000000009c180000)
 Metaspace       used 69083K, committed 70848K, reserved 1114112K
  class space    used 7199K, committed 7936K, reserved 1048576K
}
Event: 8814.026 GC heap before
{Heap before GC invocations=604 (full 3):
 PSYoungGen      total 2048K, used 1840K [0x00000000d5580000, 0x00000000d5800000, 0x0000000100000000)
  eden space 1536K, 98% used [0x00000000d5580000,0x00000000d56fc0f0,0x00000000d5700000)
  from space 512K, 62% used [0x00000000d5780000,0x00000000d57d0000,0x00000000d5800000)
  to   space 512K, 0% used [0x00000000d5700000,0x00000000d5700000,0x00000000d5780000)
 ParOldGen       total 460288K, used 459476K [0x0000000080000000, 0x000000009c180000, 0x00000000d5580000)
  object space 460288K, 99% used [0x0000000080000000,0x000000009c0b50c8,0x000000009c180000)
 Metaspace       used 69083K, committed 70848K, reserved 1114112K
  class space    used 7199K, committed 7936K, reserved 1048576K
}
Event: 8814.029 GC heap after
{Heap after GC invocations=604 (full 3):
 PSYoungGen      total 2048K, used 352K [0x00000000d5580000, 0x00000000d5800000, 0x0000000100000000)
  eden space 1536K, 0% used [0x00000000d5580000,0x00000000d5580000,0x00000000d5700000)
  from space 512K, 68% used [0x00000000d5700000,0x00000000d5758020,0x00000000d5780000)
  to   space 512K, 0% used [0x00000000d5780000,0x00000000d5780000,0x00000000d5800000)
 ParOldGen       total 460288K, used 459628K [0x0000000080000000, 0x000000009c180000, 0x00000000d5580000)
  object space 460288K, 99% used [0x0000000080000000,0x000000009c0db0d8,0x000000009c180000)
 Metaspace       used 69083K, committed 70848K, reserved 1114112K
  class space    used 7199K, committed 7936K, reserved 1048576K
}
Event: 18185.168 GC heap before
{Heap before GC invocations=605 (full 3):
 PSYoungGen      total 2048K, used 1888K [0x00000000d5580000, 0x00000000d5800000, 0x0000000100000000)
  eden space 1536K, 100% used [0x00000000d5580000,0x00000000d5700000,0x00000000d5700000)
  from space 512K, 68% used [0x00000000d5700000,0x00000000d5758020,0x00000000d5780000)
  to   space 512K, 0% used [0x00000000d5780000,0x00000000d5780000,0x00000000d5800000)
 ParOldGen       total 460288K, used 459628K [0x0000000080000000, 0x000000009c180000, 0x00000000d5580000)
  object space 460288K, 99% used [0x0000000080000000,0x000000009c0db0d8,0x000000009c180000)
 Metaspace       used 69148K, committed 70848K, reserved 1114112K
  class space    used 7209K, committed 7936K, reserved 1048576K
}
Event: 18185.894 GC heap after
{Heap after GC invocations=605 (full 3):
 PSYoungGen      total 2048K, used 320K [0x00000000d5580000, 0x00000000d5800000, 0x0000000100000000)
  eden space 1536K, 0% used [0x00000000d5580000,0x00000000d5580000,0x00000000d5700000)
  from space 512K, 62% used [0x00000000d5780000,0x00000000d57d0000,0x00000000d5800000)
  to   space 512K, 0% used [0x00000000d5700000,0x00000000d5700000,0x00000000d5780000)
 ParOldGen       total 460288K, used 459708K [0x0000000080000000, 0x000000009c180000, 0x00000000d5580000)
  object space 460288K, 99% used [0x0000000080000000,0x000000009c0ef0f8,0x000000009c180000)
 Metaspace       used 69148K, committed 70848K, reserved 1114112K
  class space    used 7209K, committed 7936K, reserved 1048576K
}
Event: 18186.791 GC heap before
{Heap before GC invocations=606 (full 3):
 PSYoungGen      total 2048K, used 1848K [0x00000000d5580000, 0x00000000d5800000, 0x0000000100000000)
  eden space 1536K, 99% used [0x00000000d5580000,0x00000000d56fe000,0x00000000d5700000)
  from space 512K, 62% used [0x00000000d5780000,0x00000000d57d0000,0x00000000d5800000)
  to   space 512K, 0% used [0x00000000d5700000,0x00000000d5700000,0x00000000d5780000)
 ParOldGen       total 460288K, used 459708K [0x0000000080000000, 0x000000009c180000, 0x00000000d5580000)
  object space 460288K, 99% used [0x0000000080000000,0x000000009c0ef0f8,0x000000009c180000)
 Metaspace       used 69217K, committed 70848K, reserved 1114112K
  class space    used 7219K, committed 7936K, reserved 1048576K
}
Event: 18186.811 GC heap after
{Heap after GC invocations=606 (full 3):
 PSYoungGen      total 2048K, used 256K [0x00000000d5580000, 0x00000000d5800000, 0x0000000100000000)
  eden space 1536K, 0% used [0x00000000d5580000,0x00000000d5580000,0x00000000d5700000)
  from space 512K, 50% used [0x00000000d5700000,0x00000000d5740000,0x00000000d5780000)
  to   space 512K, 0% used [0x00000000d5780000,0x00000000d5780000,0x00000000d5800000)
 ParOldGen       total 460288K, used 459772K [0x0000000080000000, 0x000000009c180000, 0x00000000d5580000)
  object space 460288K, 99% used [0x0000000080000000,0x000000009c0ff0f8,0x000000009c180000)
 Metaspace       used 69217K, committed 70848K, reserved 1114112K
  class space    used 7219K, committed 7936K, reserved 1048576K
}
Event: 18192.102 GC heap before
{Heap before GC invocations=607 (full 3):
 PSYoungGen      total 2048K, used 1792K [0x00000000d5580000, 0x00000000d5800000, 0x0000000100000000)
  eden space 1536K, 100% used [0x00000000d5580000,0x00000000d5700000,0x00000000d5700000)
  from space 512K, 50% used [0x00000000d5700000,0x00000000d5740000,0x00000000d5780000)
  to   space 512K, 0% used [0x00000000d5780000,0x00000000d5780000,0x00000000d5800000)
 ParOldGen       total 460288K, used 459772K [0x0000000080000000, 0x000000009c180000, 0x00000000d5580000)
  object space 460288K, 99% used [0x0000000080000000,0x000000009c0ff0f8,0x000000009c180000)
 Metaspace       used 69329K, committed 71040K, reserved 1114112K
  class space    used 7234K, committed 8000K, reserved 1048576K
}
Event: 18192.111 GC heap after
{Heap after GC invocations=607 (full 3):
 PSYoungGen      total 2048K, used 256K [0x00000000d5580000, 0x00000000d5800000, 0x0000000100000000)
  eden space 1536K, 0% used [0x00000000d5580000,0x00000000d5580000,0x00000000d5700000)
  from space 512K, 50% used [0x00000000d5780000,0x00000000d57c0000,0x00000000d5800000)
  to   space 512K, 0% used [0x00000000d5700000,0x00000000d5700000,0x00000000d5780000)
 ParOldGen       total 460288K, used 459828K [0x0000000080000000, 0x000000009c180000, 0x00000000d5580000)
  object space 460288K, 99% used [0x0000000080000000,0x000000009c10d0f8,0x000000009c180000)
 Metaspace       used 69329K, committed 71040K, reserved 1114112K
  class space    used 7234K, committed 8000K, reserved 1048576K
}

Dll operation events (10 events):
Event: 0.027 Loaded shared library c:\Users\ephremd.COOPBANK\.vscode\extensions\redhat.java-1.55.0-win32-x64\jre\21.0.11-win32-x86_64\bin\java.dll
Event: 0.119 Loaded shared library c:\Users\ephremd.COOPBANK\.vscode\extensions\redhat.java-1.55.0-win32-x64\jre\21.0.11-win32-x86_64\bin\zip.dll
Event: 0.152 Loaded shared library C:\Users\ephremd.COOPBANK\.vscode\extensions\redhat.java-1.55.0-win32-x64\jre\21.0.11-win32-x86_64\bin\instrument.dll
Event: 0.163 Loaded shared library C:\Users\ephremd.COOPBANK\.vscode\extensions\redhat.java-1.55.0-win32-x64\jre\21.0.11-win32-x86_64\bin\net.dll
Event: 0.169 Loaded shared library C:\Users\ephremd.COOPBANK\.vscode\extensions\redhat.java-1.55.0-win32-x64\jre\21.0.11-win32-x86_64\bin\nio.dll
Event: 0.177 Loaded shared library C:\Users\ephremd.COOPBANK\.vscode\extensions\redhat.java-1.55.0-win32-x64\jre\21.0.11-win32-x86_64\bin\zip.dll
Event: 0.215 Loaded shared library C:\Users\ephremd.COOPBANK\.vscode\extensions\redhat.java-1.55.0-win32-x64\jre\21.0.11-win32-x86_64\bin\jimage.dll
Event: 0.401 Loaded shared library c:\Users\ephremd.COOPBANK\.vscode\extensions\redhat.java-1.55.0-win32-x64\jre\21.0.11-win32-x86_64\bin\verify.dll
Event: 2.833 Loaded shared library C:\Users\ephremd.COOPBANK\AppData\Roaming\Code\User\globalStorage\redhat.java\1.55.0\config_win\org.eclipse.equinox.launcher\org.eclipse.equinox.launcher.win32.win32.x86_64_1.3.100.v20260613-0559\eclipse_11924.dll
Event: 6.670 Loaded shared library C:\Users\ephremd.COOPBANK\AppData\Local\Temp\jna--1545400921\jna10229783178022411844.dll

Deoptimization events (20 events):
Event: 18191.736 Thread 0x000002d5074b3c60 DEOPT PACKING pc=0x000002d5311153b0 sp=0x000000e859bfe5f0
Event: 18191.738 Thread 0x000002d5074b3c60 DEOPT UNPACKING pc=0x000002d530273aa2 sp=0x000000e859bfe5a8 mode 2
Event: 18192.003 Thread 0x000002d5074b2220 Uncommon trap: trap_request=0xfffffff4 fr.pc=0x000002d530a14e90 relative=0x00000000000013f0
Event: 18192.003 Thread 0x000002d5074b2220 Uncommon trap: reason=null_check action=make_not_entrant pc=0x000002d530a14e90 method=org.apache.aries.spifly.BaseActivator.getWeavingData(Lorg/osgi/framework/Bundle;)Ljava/util/Set; @ 10 c2
Event: 18192.004 Thread 0x000002d5074b2220 DEOPT PACKING pc=0x000002d530a14e90 sp=0x000000e8578fdbc0
Event: 18192.004 Thread 0x000002d5074b2220 DEOPT UNPACKING pc=0x000002d530273aa2 sp=0x000000e8578fd998 mode 2
Event: 18192.115 Thread 0x000002d5074b2220 Uncommon trap: trap_request=0xffffffde fr.pc=0x000002d530aa9ab4 relative=0x0000000000000274
Event: 18192.115 Thread 0x000002d5074b2220 Uncommon trap: reason=class_check action=maybe_recompile pc=0x000002d530aa9ab4 method=java.util.Comparator.lambda$comparing$77a9974f$1(Ljava/util/function/Function;Ljava/lang/Object;Ljava/lang/Object;)I @ 7 c2
Event: 18192.115 Thread 0x000002d5074b2220 DEOPT PACKING pc=0x000002d530aa9ab4 sp=0x000000e8578fd400
Event: 18192.116 Thread 0x000002d5074b2220 DEOPT UNPACKING pc=0x000002d530273aa2 sp=0x000000e8578fd330 mode 2
Event: 18192.121 Thread 0x000002d5074b2220 Uncommon trap: trap_request=0xffffffde fr.pc=0x000002d530aa9ab4 relative=0x0000000000000274
Event: 18192.121 Thread 0x000002d5074b2220 Uncommon trap: reason=class_check action=maybe_recompile pc=0x000002d530aa9ab4 method=java.util.Comparator.lambda$comparing$77a9974f$1(Ljava/util/function/Function;Ljava/lang/Object;Ljava/lang/Object;)I @ 7 c2
Event: 18192.121 Thread 0x000002d5074b2220 DEOPT PACKING pc=0x000002d530aa9ab4 sp=0x000000e8578fd400
Event: 18192.121 Thread 0x000002d5074b2220 DEOPT UNPACKING pc=0x000002d530273aa2 sp=0x000000e8578fd330 mode 2
Event: 18192.121 Thread 0x000002d5074b2220 Uncommon trap: trap_request=0xffffffde fr.pc=0x000002d530aa9ab4 relative=0x0000000000000274
Event: 18192.121 Thread 0x000002d5074b2220 Uncommon trap: reason=class_check action=maybe_recompile pc=0x000002d530aa9ab4 method=java.util.Comparator.lambda$comparing$77a9974f$1(Ljava/util/function/Function;Ljava/lang/Object;Ljava/lang/Object;)I @ 7 c2
Event: 18192.121 Thread 0x000002d5074b2220 DEOPT PACKING pc=0x000002d530aa9ab4 sp=0x000000e8578fd370
Event: 18192.121 Thread 0x000002d5074b2220 DEOPT UNPACKING pc=0x000002d530273aa2 sp=0x000000e8578fd2a0 mode 2
Event: 18192.375 Thread 0x000002d5074b2220 DEOPT PACKING pc=0x000002d52a2a66e9 sp=0x000000e8578f9d40
Event: 18192.375 Thread 0x000002d5074b2220 DEOPT UNPACKING pc=0x000002d530274242 sp=0x000000e8578f9228 mode 0

Classes loaded (20 events):
Event: 8514.783 Loading class jdk/internal/module/IllegalAccessLogger
Event: 8514.797 Loading class jdk/internal/module/IllegalAccessLogger done
Event: 8645.980 Loading class jdk/internal/module/IllegalAccessLogger
Event: 8645.984 Loading class jdk/internal/module/IllegalAccessLogger done
Event: 8664.126 Loading class jdk/internal/module/IllegalAccessLogger
Event: 8664.126 Loading class jdk/internal/module/IllegalAccessLogger done
Event: 8708.570 Loading class jdk/internal/module/IllegalAccessLogger
Event: 8708.570 Loading class jdk/internal/module/IllegalAccessLogger done
Event: 18165.731 Loading class java/lang/Throwable$WrappedPrintWriter
Event: 18165.802 Loading class java/lang/Throwable$PrintStreamOrWriter
Event: 18165.817 Loading class java/lang/Throwable$PrintStreamOrWriter done
Event: 18165.819 Loading class java/lang/Throwable$WrappedPrintWriter done
Event: 18183.404 Loading class java/util/concurrent/ConcurrentHashMap$EntrySpliterator
Event: 18183.540 Loading class java/util/concurrent/ConcurrentHashMap$EntrySpliterator done
Event: 18186.249 Loading class java/util/zip/Deflater
Event: 18186.284 Loading class java/util/zip/Deflater done
Event: 18186.301 Loading class java/util/zip/Deflater$DeflaterZStreamRef
Event: 18186.307 Loading class java/util/zip/Deflater$DeflaterZStreamRef done
Event: 18186.585 Loading class java/util/Collections$EmptyListIterator
Event: 18186.590 Loading class java/util/Collections$EmptyListIterator done

Classes unloaded (7 events):
Event: 7.243 Thread 0x000002d57e9b10a0 Unloading class 0x000002d53e1a4c00 'java/lang/invoke/LambdaForm$MH+0x000002d53e1a4c00'
Event: 7.243 Thread 0x000002d57e9b10a0 Unloading class 0x000002d53e1a4800 'java/lang/invoke/LambdaForm$MH+0x000002d53e1a4800'
Event: 7.243 Thread 0x000002d57e9b10a0 Unloading class 0x000002d53e1a4400 'java/lang/invoke/LambdaForm$MH+0x000002d53e1a4400'
Event: 7.243 Thread 0x000002d57e9b10a0 Unloading class 0x000002d53e1a4000 'java/lang/invoke/LambdaForm$MH+0x000002d53e1a4000'
Event: 7.243 Thread 0x000002d57e9b10a0 Unloading class 0x000002d53e1a3c00 'java/lang/invoke/LambdaForm$BMH+0x000002d53e1a3c00'
Event: 7.243 Thread 0x000002d57e9b10a0 Unloading class 0x000002d53e1a3800 'java/lang/invoke/LambdaForm$DMH+0x000002d53e1a3800'
Event: 7.243 Thread 0x000002d57e9b10a0 Unloading class 0x000002d53e1a2400 'java/lang/invoke/LambdaForm$DMH+0x000002d53e1a2400'

Classes redefined (0 events):
No events

Internal exceptions (20 events):
Event: 8709.329 Thread 0x000002d50507bc20 Exception <a 'java/lang/NullPointerException'{0x00000000d5597920}> (0x00000000d5597920) 
thrown [s\src\hotspot\share\interpreter\linkResolver.cpp, line 1372]
Event: 8813.323 Thread 0x000002d5074b6a50 Exception <a 'sun/nio/fs/WindowsException'{0x00000000d5595020}> (0x00000000d5595020) 
thrown [s\src\hotspot\share\prims\jni.cpp, line 520]
Event: 8813.328 Thread 0x000002d5074b6a50 Exception <a 'sun/nio/fs/WindowsException'{0x00000000d5595e00}> (0x00000000d5595e00) 
thrown [s\src\hotspot\share\prims\jni.cpp, line 520]
Event: 8813.341 Thread 0x000002d5074b6a50 Exception <a 'sun/nio/fs/WindowsException'{0x00000000d55987d8}> (0x00000000d55987d8) 
thrown [s\src\hotspot\share\prims\jni.cpp, line 520]
Event: 8813.341 Thread 0x000002d5074b6a50 Exception <a 'sun/nio/fs/WindowsException'{0x00000000d5599250}> (0x00000000d5599250) 
thrown [s\src\hotspot\share\prims\jni.cpp, line 520]
Event: 18166.041 Thread 0x000002d5072ee620 Exception <a 'java/io/IOException'{0x00000000d55d94c0}> (0x00000000d55d94c0) 
thrown [s\src\hotspot\share\prims\jni.cpp, line 520]
Event: 18181.831 Thread 0x000002d5074b3c60 Exception <a 'sun/nio/fs/WindowsException'{0x00000000d566f4b8}> (0x00000000d566f4b8) 
thrown [s\src\hotspot\share\prims\jni.cpp, line 520]
Event: 18181.861 Thread 0x000002d5074b3c60 Exception <a 'sun/nio/fs/WindowsException'{0x00000000d5670020}> (0x00000000d5670020) 
thrown [s\src\hotspot\share\prims\jni.cpp, line 520]
Event: 18181.908 Thread 0x000002d5074b3c60 Exception <a 'sun/nio/fs/WindowsException'{0x00000000d5672520}> (0x00000000d5672520) 
thrown [s\src\hotspot\share\prims\jni.cpp, line 520]
Event: 18181.908 Thread 0x000002d5074b3c60 Exception <a 'sun/nio/fs/WindowsException'{0x00000000d5673088}> (0x00000000d5673088) 
thrown [s\src\hotspot\share\prims\jni.cpp, line 520]
Event: 18186.696 Thread 0x000002d5074b3c60 Exception <a 'java/lang/NoSuchMethodError'{0x00000000d56d38f0}: 'java.lang.Object java.lang.invoke.DirectMethodHandle$Holder.newInvokeSpecial(java.lang.Object, java.lang.Object, java.lang.Object, java.lang.Object, java.lang.Object, java.lang.Object, java.lang.Object, java.lang.Object, java.lang.Object, java.lang.Object)'> (0x00000000d56d38f0) 
thrown [s\src\hotspot\share\interpreter\linkResolver.cpp, line 773]
Event: 18186.979 Thread 0x000002d5074b3c60 Exception <a 'sun/nio/fs/WindowsException'{0x00000000d55d5b28}> (0x00000000d55d5b28) 
thrown [s\src\hotspot\share\prims\jni.cpp, line 520]
Event: 18191.669 Thread 0x000002d5074b3c60 Exception <a 'java/io/IOException'{0x00000000d5607b40}> (0x00000000d5607b40) 
thrown [s\src\hotspot\share\prims\jni.cpp, line 520]
Event: 18191.693 Thread 0x000002d5074b3c60 Exception <a 'java/io/IOException'{0x00000000d5609378}> (0x00000000d5609378) 
thrown [s\src\hotspot\share\prims\jni.cpp, line 520]
Event: 18191.738 Thread 0x000002d5074b3c60 Exception <a 'java/io/IOException'{0x00000000d562c9c0}> (0x00000000d562c9c0) 
thrown [s\src\hotspot\share\prims\jni.cpp, line 520]
Event: 18191.754 Thread 0x000002d5074b3c60 Exception <a 'java/io/IOException'{0x00000000d5632108}> (0x00000000d5632108) 
thrown [s\src\hotspot\share\prims\jni.cpp, line 520]
Event: 18191.762 Thread 0x000002d5074b3c60 Exception <a 'java/io/IOException'{0x00000000d563db38}> (0x00000000d563db38) 
thrown [s\src\hotspot\share\prims\jni.cpp, line 520]
Event: 18191.768 Thread 0x000002d5074b3c60 Exception <a 'java/io/IOException'{0x00000000d5641208}> (0x00000000d5641208) 
thrown [s\src\hotspot\share\prims\jni.cpp, line 520]
Event: 18191.771 Thread 0x000002d5074b3c60 Exception <a 'java/io/IOException'{0x00000000d5649d08}> (0x00000000d5649d08) 
thrown [s\src\hotspot\share\prims\jni.cpp, line 520]
Event: 18192.002 Thread 0x000002d5074b2220 Implicit null exception at 0x000002d530a14d58 to 0x000002d530a14e4f

ZGC Phase Switch (0 events):
No events

VM Operations (20 events):
Event: 18178.994 Executing non-safepoint VM operation: HandshakeAllThreads (HandshakeForDeflation) done
Event: 18178.994 Executing non-safepoint VM operation: RendezvousGCThreads
Event: 18178.994 Executing non-safepoint VM operation: RendezvousGCThreads done
Event: 18180.005 Executing safepoint VM operation: Cleanup
Event: 18180.024 Executing safepoint VM operation: Cleanup done
Event: 18182.037 Executing safepoint VM operation: Cleanup
Event: 18182.272 Executing safepoint VM operation: Cleanup done
Event: 18185.158 Executing safepoint VM operation: ParallelGCFailedAllocation (Allocation Failure)
Event: 18185.894 Executing safepoint VM operation: ParallelGCFailedAllocation (Allocation Failure) done
Event: 18186.782 Executing safepoint VM operation: ParallelGCFailedAllocation (Allocation Failure)
Event: 18186.811 Executing safepoint VM operation: ParallelGCFailedAllocation (Allocation Failure) done
Event: 18187.822 Executing safepoint VM operation: Cleanup
Event: 18187.822 Executing safepoint VM operation: Cleanup done
Event: 18190.848 Executing safepoint VM operation: Cleanup
Event: 18190.889 Executing safepoint VM operation: Cleanup done
Event: 18191.889 Executing safepoint VM operation: Cleanup
Event: 18191.890 Executing safepoint VM operation: Cleanup done
Event: 18192.101 Executing safepoint VM operation: ParallelGCFailedAllocation (Allocation Failure)
Event: 18192.111 Executing safepoint VM operation: ParallelGCFailedAllocation (Allocation Failure) done
Event: 18193.122 Executing safepoint VM operation: Cleanup

Memory protections (0 events):
No events

Nmethod flushes (20 events):
Event: 15.481 Thread 0x000002d57e9b10a0 flushing  nmethod 0x000002d5295d6c10
Event: 15.481 Thread 0x000002d57e9b10a0 flushing  nmethod 0x000002d5295ee710
Event: 15.481 Thread 0x000002d57e9b10a0 flushing  nmethod 0x000002d529602290
Event: 15.481 Thread 0x000002d57e9b10a0 flushing  nmethod 0x000002d52960f390
Event: 15.481 Thread 0x000002d57e9b10a0 flushing  nmethod 0x000002d529615f10
Event: 15.481 Thread 0x000002d57e9b10a0 flushing  nmethod 0x000002d52961a490
Event: 15.481 Thread 0x000002d57e9b10a0 flushing  nmethod 0x000002d529654510
Event: 15.481 Thread 0x000002d57e9b10a0 flushing  nmethod 0x000002d529662290
Event: 15.481 Thread 0x000002d57e9b10a0 flushing  nmethod 0x000002d529662890
Event: 15.481 Thread 0x000002d57e9b10a0 flushing  nmethod 0x000002d529663110
Event: 15.481 Thread 0x000002d57e9b10a0 flushing  nmethod 0x000002d529663e10
Event: 15.481 Thread 0x000002d57e9b10a0 flushing  nmethod 0x000002d52966a810
Event: 15.481 Thread 0x000002d57e9b10a0 flushing  nmethod 0x000002d529699010
Event: 15.481 Thread 0x000002d57e9b10a0 flushing  nmethod 0x000002d5296a3b10
Event: 15.481 Thread 0x000002d57e9b10a0 flushing  nmethod 0x000002d5296ad390
Event: 15.481 Thread 0x000002d57e9b10a0 flushing  nmethod 0x000002d5296ad990
Event: 15.481 Thread 0x000002d57e9b10a0 flushing  nmethod 0x000002d5296b1590
Event: 15.481 Thread 0x000002d57e9b10a0 flushing  nmethod 0x000002d5296cba10
Event: 15.481 Thread 0x000002d57e9b10a0 flushing  nmethod 0x000002d5296cf410
Event: 15.481 Thread 0x000002d57e9b10a0 flushing  nmethod 0x000002d5296f5690

Events (20 events):
Event: 8945.450 Thread 0x000002d5074b07e0 Thread exited: 0x000002d5074b07e0
Event: 8946.278 Thread 0x000002d5074b4980 Thread exited: 0x000002d5074b4980
Event: 8964.009 Thread 0x000002d5074b70e0 Thread exited: 0x000002d5074b70e0
Event: 9007.858 Thread 0x000002d5074b7770 Thread exited: 0x000002d5074b7770
Event: 18175.972 Thread 0x000002d5072ebec0 Thread added: 0x000002d5074b1b90
Event: 18181.020 Thread 0x000002d5074b3c60 Thread added: 0x000002d5074b0e70
Event: 18181.143 Thread 0x000002d5074b0e70 Thread exited: 0x000002d5074b0e70
Event: 18186.204 Thread 0x000002d5074b3c60 Thread added: 0x000002d5074b0150
Event: 18186.238 Thread 0x000002d5074b0150 Thread added: 0x000002d5074b07e0
Event: 18186.413 Thread 0x000002d5074b0150 Thread added: 0x000002d5074b42f0
Event: 18186.424 Thread 0x000002d5074b0150 Thread exited: 0x000002d5074b0150
Event: 18186.424 Thread 0x000002d5074b07e0 Thread exited: 0x000002d5074b07e0
Event: 18186.424 Thread 0x000002d5074b42f0 Thread exited: 0x000002d5074b42f0
Event: 18186.752 Thread 0x000002d5074b3c60 Thread added: 0x000002d5074b2220
Event: 18186.767 Thread 0x000002d5074b2220 Thread added: 0x000002d5074b0e70
Event: 18186.839 Thread 0x000002d5074b2220 Thread added: 0x000002d5074b0150
Event: 18186.840 Thread 0x000002d5074b0150 Thread exited: 0x000002d5074b0150
Event: 18186.841 Thread 0x000002d5074b0e70 Thread exited: 0x000002d5074b0e70
Event: 18186.842 Thread 0x000002d5074b2220 Thread exited: 0x000002d5074b2220
Event: 18191.806 Thread 0x000002d5236e93b0 Thread added: 0x000002d5074b2220


Dynamic libraries:
0x00007ff6728a0000 - 0x00007ff6728ae000 	c:\Users\ephremd.COOPBANK\.vscode\extensions\redhat.java-1.55.0-win32-x64\jre\21.0.11-win32-x86_64\bin\java.exe
0x00007ffd4bd20000 - 0x00007ffd4bf86000 	C:\WINDOWS\SYSTEM32\ntdll.dll
0x00007ffd49f70000 - 0x00007ffd4a039000 	C:\WINDOWS\System32\KERNEL32.DLL
0x00007ffd48fb0000 - 0x00007ffd493aa000 	C:\WINDOWS\System32\KERNELBASE.dll
0x00007ffd49700000 - 0x00007ffd4984c000 	C:\WINDOWS\System32\ucrtbase.dll
0x00007ffd28ba0000 - 0x00007ffd28bbe000 	c:\Users\ephremd.COOPBANK\.vscode\extensions\redhat.java-1.55.0-win32-x64\jre\21.0.11-win32-x86_64\bin\VCRUNTIME140.dll
0x00007ffd28b80000 - 0x00007ffd28b98000 	c:\Users\ephremd.COOPBANK\.vscode\extensions\redhat.java-1.55.0-win32-x64\jre\21.0.11-win32-x86_64\bin\jli.dll
0x00007ffd49b20000 - 0x00007ffd49ce7000 	C:\WINDOWS\System32\USER32.dll
0x00007ffd48f80000 - 0x00007ffd48fa7000 	C:\WINDOWS\System32\win32u.dll
0x00007ffd4afb0000 - 0x00007ffd4afdb000 	C:\WINDOWS\System32\GDI32.dll
0x00007ffd495d0000 - 0x00007ffd496fb000 	C:\WINDOWS\System32\gdi32full.dll
0x00007ffd493b0000 - 0x00007ffd49453000 	C:\WINDOWS\System32\msvcp_win.dll
0x00007ffd24f90000 - 0x00007ffd25222000 	C:\WINDOWS\WinSxS\amd64_microsoft.windows.common-controls_6595b64144ccf1df_6.0.26100.8521_none_3e08b75ce33403b3\COMCTL32.dll
0x00007ffd4a350000 - 0x00007ffd4a3f9000 	C:\WINDOWS\System32\msvcrt.dll
0x00007ffd4b280000 - 0x00007ffd4b2b2000 	C:\WINDOWS\System32\IMM32.DLL
0x00007ffd45750000 - 0x00007ffd4575c000 	c:\Users\ephremd.COOPBANK\.vscode\extensions\redhat.java-1.55.0-win32-x64\jre\21.0.11-win32-x86_64\bin\vcruntime140_1.dll
0x00007ffcf22e0000 - 0x00007ffcf236d000 	c:\Users\ephremd.COOPBANK\.vscode\extensions\redhat.java-1.55.0-win32-x64\jre\21.0.11-win32-x86_64\bin\msvcp140.dll
0x00007ffc7cd60000 - 0x00007ffc7db02000 	c:\Users\ephremd.COOPBANK\.vscode\extensions\redhat.java-1.55.0-win32-x64\jre\21.0.11-win32-x86_64\bin\server\jvm.dll
0x00007ffd4bbd0000 - 0x00007ffd4bc86000 	C:\WINDOWS\System32\ADVAPI32.dll
0x00007ffd4a430000 - 0x00007ffd4a4da000 	C:\WINDOWS\System32\sechost.dll
0x00007ffd4a040000 - 0x00007ffd4a158000 	C:\WINDOWS\System32\RPCRT4.dll
0x00007ffd4bb40000 - 0x00007ffd4bbc0000 	C:\WINDOWS\System32\WS2_32.dll
0x00007ffd48b70000 - 0x00007ffd48bce000 	C:\WINDOWS\SYSTEM32\POWRPROF.dll
0x00007ffd32780000 - 0x00007ffd327b6000 	C:\WINDOWS\SYSTEM32\WINMM.dll
0x00007ffd41310000 - 0x00007ffd4131b000 	C:\WINDOWS\SYSTEM32\VERSION.dll
0x00007ffd48b50000 - 0x00007ffd48b64000 	C:\WINDOWS\SYSTEM32\UMPDC.dll
0x00007ffd47a60000 - 0x00007ffd47a7b000 	C:\WINDOWS\SYSTEM32\kernel.appcore.dll
0x00007ffd3a350000 - 0x00007ffd3a35a000 	c:\Users\ephremd.COOPBANK\.vscode\extensions\redhat.java-1.55.0-win32-x64\jre\21.0.11-win32-x86_64\bin\jimage.dll
0x00007ffd25f30000 - 0x00007ffd26172000 	C:\WINDOWS\SYSTEM32\DBGHELP.DLL
0x00007ffd4a530000 - 0x00007ffd4a8b3000 	C:\WINDOWS\System32\combase.dll
0x00007ffd4ba60000 - 0x00007ffd4bb39000 	C:\WINDOWS\System32\OLEAUT32.dll
0x00007ffd29b30000 - 0x00007ffd29b6b000 	C:\WINDOWS\SYSTEM32\dbgcore.DLL
0x00007ffd49460000 - 0x00007ffd49508000 	C:\WINDOWS\System32\bcryptPrimitives.dll
0x00007ffd384b0000 - 0x00007ffd384bf000 	c:\Users\ephremd.COOPBANK\.vscode\extensions\redhat.java-1.55.0-win32-x64\jre\21.0.11-win32-x86_64\bin\instrument.dll
0x00007ffd235e0000 - 0x00007ffd23600000 	c:\Users\ephremd.COOPBANK\.vscode\extensions\redhat.java-1.55.0-win32-x64\jre\21.0.11-win32-x86_64\bin\java.dll
0x00007ffd4b2c0000 - 0x00007ffd4ba44000 	C:\WINDOWS\System32\SHELL32.dll
0x00007ffd466a0000 - 0x00007ffd46f20000 	C:\WINDOWS\SYSTEM32\windows.storage.dll
0x00007ffd49d70000 - 0x00007ffd49e66000 	C:\WINDOWS\System32\SHCORE.dll
0x00007ffd4afe0000 - 0x00007ffd4b047000 	C:\WINDOWS\System32\shlwapi.dll
0x00007ffd48c30000 - 0x00007ffd48c59000 	C:\WINDOWS\SYSTEM32\profapi.dll
0x00007ffd1f420000 - 0x00007ffd1f438000 	c:\Users\ephremd.COOPBANK\.vscode\extensions\redhat.java-1.55.0-win32-x64\jre\21.0.11-win32-x86_64\bin\zip.dll
0x00007ffd38360000 - 0x00007ffd38370000 	C:\Users\ephremd.COOPBANK\.vscode\extensions\redhat.java-1.55.0-win32-x64\jre\21.0.11-win32-x86_64\bin\net.dll
0x00007ffd418d0000 - 0x00007ffd419f9000 	C:\WINDOWS\SYSTEM32\WINHTTP.dll
0x00007ffd47fb0000 - 0x00007ffd4801c000 	C:\WINDOWS\system32\mswsock.dll
0x00007ffd11c60000 - 0x00007ffd11c76000 	C:\Users\ephremd.COOPBANK\.vscode\extensions\redhat.java-1.55.0-win32-x64\jre\21.0.11-win32-x86_64\bin\nio.dll
0x00007ffd32f50000 - 0x00007ffd32f60000 	c:\Users\ephremd.COOPBANK\.vscode\extensions\redhat.java-1.55.0-win32-x64\jre\21.0.11-win32-x86_64\bin\verify.dll
0x00007ffcf21f0000 - 0x00007ffcf2235000 	C:\Users\ephremd.COOPBANK\AppData\Roaming\Code\User\globalStorage\redhat.java\1.55.0\config_win\org.eclipse.equinox.launcher\org.eclipse.equinox.launcher.win32.win32.x86_64_1.3.100.v20260613-0559\eclipse_11924.dll
0x00007ffd4b060000 - 0x00007ffd4b1f8000 	C:\WINDOWS\System32\ole32.dll
0x00007ffd483b0000 - 0x00007ffd483cb000 	C:\WINDOWS\SYSTEM32\CRYPTSP.dll
0x00007ffd479c0000 - 0x00007ffd479f9000 	C:\WINDOWS\system32\rsaenh.dll
0x00007ffd48060000 - 0x00007ffd48093000 	C:\WINDOWS\SYSTEM32\USERENV.dll
0x00007ffd48c00000 - 0x00007ffd48c2a000 	C:\WINDOWS\SYSTEM32\bcrypt.dll
0x00007ffd48210000 - 0x00007ffd4821c000 	C:\WINDOWS\SYSTEM32\CRYPTBASE.dll
0x00007ffd471f0000 - 0x00007ffd47223000 	C:\WINDOWS\SYSTEM32\IPHLPAPI.DLL
0x00007ffd49f00000 - 0x00007ffd49f0a000 	C:\WINDOWS\System32\NSI.dll
0x00007ffcebde0000 - 0x00007ffcebe29000 	C:\Users\ephremd.COOPBANK\AppData\Local\Temp\jna--1545400921\jna10229783178022411844.dll
0x00007ffd4b050000 - 0x00007ffd4b058000 	C:\WINDOWS\System32\PSAPI.DLL
0x00007ffd41be0000 - 0x00007ffd41bfd000 	C:\WINDOWS\SYSTEM32\dhcpcsvc6.DLL
0x00007ffd41a90000 - 0x00007ffd41ab5000 	C:\WINDOWS\SYSTEM32\dhcpcsvc.DLL
0x00007ffd47b80000 - 0x00007ffd47bb6000 	C:\WINDOWS\SYSTEM32\ntmarta.dll

JVMTI agents:
c:\Users\ephremd.COOPBANK\.vscode\extensions\redhat.java-1.55.0-win32-x64\lombok\lombok-1.18.39-4050.jar path:c:\Users\ephremd.COOPBANK\.vscode\extensions\redhat.java-1.55.0-win32-x64\jre\21.0.11-win32-x86_64\bin\instrument.dll, loaded, initialized, instrumentlib options:none

dbghelp: loaded successfully - version: 4.0.5 - missing functions: none
symbol engine: initialized successfully - sym options: 0x614 - pdb path: .;c:\Users\ephremd.COOPBANK\.vscode\extensions\redhat.java-1.55.0-win32-x64\jre\21.0.11-win32-x86_64\bin;C:\WINDOWS\SYSTEM32;C:\WINDOWS\WinSxS\amd64_microsoft.windows.common-controls_6595b64144ccf1df_6.0.26100.8521_none_3e08b75ce33403b3;c:\Users\ephremd.COOPBANK\.vscode\extensions\redhat.java-1.55.0-win32-x64\jre\21.0.11-win32-x86_64\bin\server;C:\Users\ephremd.COOPBANK\AppData\Roaming\Code\User\globalStorage\redhat.java\1.55.0\config_win\org.eclipse.equinox.launcher\org.eclipse.equinox.launcher.win32.win32.x86_64_1.3.100.v20260613-0559;C:\Users\ephremd.COOPBANK\AppData\Local\Temp\jna--1545400921

VM Arguments:
jvm_args: --add-modules=ALL-SYSTEM --add-opens=java.base/java.util=ALL-UNNAMED --add-opens=java.base/java.lang=ALL-UNNAMED --add-opens=java.base/sun.nio.fs=ALL-UNNAMED -Declipse.application=org.eclipse.jdt.ls.core.id1 -Dosgi.bundles.defaultStartLevel=4 -Declipse.product=org.eclipse.jdt.ls.core.product -Djava.import.generatesMetadataFilesAtProjectRoot=false -DDetectVMInstallationsJob.disabled=true -Dfile.encoding=utf8 -XX:+UseParallelGC -XX:GCTimeRatio=4 -XX:AdaptiveSizePolicyWeight=90 -Dsun.zip.disableMemoryMapping=true -Xmx2G -Xms100m -Xlog:disable -javaagent:c:\Users\ephremd.COOPBANK\.vscode\extensions\redhat.java-1.55.0-win32-x64\lombok\lombok-1.18.39-4050.jar -XX:+HeapDumpOnOutOfMemoryError -XX:HeapDumpPath=c:\Users\ephremd.COOPBANK\AppData\Roaming\Code\User\workspaceStorage\bfffba763fd085e91090f8b7b16d8f0f\redhat.java -Daether.dependencyCollector.impl=bf 
java_command: c:\Users\ephremd.COOPBANK\.vscode\extensions\redhat.java-1.55.0-win32-x64\server\plugins\org.eclipse.equinox.launcher_1.7.200.v20260619-2039.jar -configuration c:\Users\ephremd.COOPBANK\AppData\Roaming\Code\User\globalStorage\redhat.java\1.55.0\config_win -data c:\Users\ephremd.COOPBANK\AppData\Roaming\Code\User\workspaceStorage\bfffba763fd085e91090f8b7b16d8f0f\redhat.java\jdt_ws --pipe=\\.\pipe\lsp-0345508411ddd10d655171c76a9b19f0-sock
java_class_path (initial): c:\Users\ephremd.COOPBANK\.vscode\extensions\redhat.java-1.55.0-win32-x64\server\plugins\org.eclipse.equinox.launcher_1.7.200.v20260619-2039.jar
Launcher Type: SUN_STANDARD

[Global flags]
    uintx AdaptiveSizePolicyWeight                 = 90                                        {product} {command line}
     intx CICompilerCount                          = 4                                         {product} {ergonomic}
    uintx GCTimeRatio                              = 4                                         {product} {command line}
     bool HeapDumpOnOutOfMemoryError               = true                                   {manageable} {command line}
    ccstr HeapDumpPath                             = c:\Users\ephremd.COOPBANK\AppData\Roaming\Code\User\workspaceStorage\bfffba763fd085e91090f8b7b16d8f0f\redhat.java         {manageable} {command line}
   size_t InitialHeapSize                          = 104857600                                 {product} {command line}
   size_t MaxHeapSize                              = 2147483648                                {product} {command line}
   size_t MaxNewSize                               = 715653120                                 {product} {ergonomic}
   size_t MinHeapDeltaBytes                        = 524288                                    {product} {ergonomic}
   size_t MinHeapSize                              = 104857600                                 {product} {command line}
   size_t NewSize                                  = 34603008                                  {product} {ergonomic}
    uintx NonNMethodCodeHeapSize                   = 5839372                                {pd product} {ergonomic}
    uintx NonProfiledCodeHeapSize                  = 122909434                              {pd product} {ergonomic}
   size_t OldSize                                  = 70254592                                  {product} {ergonomic}
    uintx ProfiledCodeHeapSize                     = 122909434                              {pd product} {ergonomic}
    uintx ReservedCodeCacheSize                    = 251658240                              {pd product} {ergonomic}
     bool SegmentedCodeCache                       = true                                      {product} {ergonomic}
   size_t SoftMaxHeapSize                          = 2147483648                             {manageable} {ergonomic}
     bool UseCompressedOops                        = true                           {product lp64_product} {ergonomic}
     bool UseLargePagesIndividualAllocation        = false                                  {pd product} {ergonomic}
     bool UseParallelGC                            = true                                      {product} {command line}

Logging:
Log output configuration:
 #0: stdout all=off uptime,level,tags foldmultilines=false
 #1: stderr all=off uptime,level,tags foldmultilines=false

Release file:
JAVA_VERSION="21.0.11" 
MODULES="java.base java.compiler java.datatransfer java.xml java.prefs java.desktop java.instrument java.logging java.management java.security.sasl java.naming java.rmi java.management.rmi java.net.http java.scripting java.security.jgss java.transaction.xa java.sql java.sql.rowset java.xml.crypto java.se java.smartcardio jdk.accessibility jdk.internal.jvmstat jdk.attach jdk.charsets jdk.internal.opt jdk.zipfs jdk.compiler jdk.crypto.ec jdk.crypto.cryptoki jdk.crypto.mscapi jdk.dynalink jdk.internal.ed jdk.editpad jdk.hotspot.agent jdk.httpserver jdk.internal.le jdk.internal.vm.ci jdk.internal.vm.compiler jdk.internal.vm.compiler.management jdk.jartool jdk.javadoc jdk.jcmd jdk.management jdk.management.agent jdk.jconsole jdk.jdeps jdk.jdwp.agent jdk.jdi jdk.jfr jdk.jshell jdk.jsobject jdk.jstatd jdk.localedata jdk.management.jfr jdk.naming.dns jdk.naming.rmi jdk.net jdk.nio.mapmode jdk.random jdk.sctp jdk.security.auth jdk.security.jgss jdk.unsupported jdk.unsupported.desktop jdk.xml.dom" 

Environment Variables:
JAVA_HOME=C:\Program Files\Java\jdk1.8.0_281
PATH=C:\Program Files (x86)\Common Files\Oracle\Java\javapath;C:\WINDOWS\system32;C:\WINDOWS;C:\WINDOWS\System32\Wbem;C:\WINDOWS\System32\WindowsPowerShell\v1.0\;C:\WINDOWS\System32\OpenSSH\;C:\Program Files\Git\cmd;C:\Program Files\Java\jdk1.8.0_281\bin;C:\T24R21\TAFJ\bin;C:\Program Files\nodejs\;C:\Program Files\Docker\Docker\resources\bin;C:\Users\ephremd.COOPBANK\AppData\Local\Programs\Python\Launcher\;C:\Program Files (x86)\Common Files\Oracle\Java\javapath;C:\WINDOWS\system32;C:\WINDOWS;C:\WINDOWS\System32\Wbem;C:\WINDOWS\System32\WindowsPowerShell\v1.0\;C:\WINDOWS\System32\OpenSSH\;C:\Program Files\Git\cmd;C:\Program Files\Java\jdk1.8.0_281\bin;C:\T24R21\TAFJ\bin;C:\Program Files\nodejs\;C:\Users\ephremd.COOPBANK\AppData\Local\Microsoft\WindowsApps;;C:\Users\ephremd.COOPBANK\AppData\Local\Programs\Microsoft VS Code\bin;C:\Users\ephremd.COOPBANK\Desktop\Projects\node_modules\.bin;C:\Users\ephremd.COOPBANK\AppData\Local\Microsoft\WindowsApps;C:\Users\ephremd.COOPBANK\AppData\Roaming\npm
USERNAME=ephremd
OS=Windows_NT
PROCESSOR_IDENTIFIER=Intel64 Family 6 Model 165 Stepping 3, GenuineIntel
TMP=C:\Users\EPHREM~1.COO\AppData\Local\Temp
TEMP=C:\Users\EPHREM~1.COO\AppData\Local\Temp




Periodic native trim disabled

---------------  S Y S T E M  ---------------

OS:
 Windows 11 , 64 bit Build 26100 (10.0.26100.8521)
OS uptime: 0 days 5:41 hours
Hyper-V role detected

CPU: total 12 (initial active 12) (6 cores per cpu, 2 threads per core) family 6 model 165 stepping 3 microcode 0x100, cx8, cmov, fxsr, ht, mmx, 3dnowpref, sse, sse2, sse3, ssse3, sse4.1, sse4.2, popcnt, lzcnt, tsc, tscinvbit, avx, avx2, aes, erms, clmul, bmi1, bmi2, adx, fma, vzeroupper, clflush, clflushopt, hv, rdtscp, f16c
Processor Information for the first 12 processors :
  Max Mhz: 1992, Current Mhz: 1992, Mhz Limit: 1992

Memory: 4k page, system-wide physical 7967M (287M free)
TotalPageFile size 32543M (AvailPageFile size 41M)
current process WorkingSet (physical memory assigned to process): 139M, peak: 441M
current process commit charge ("private bytes"): 786M, peak: 787M

vm_info: OpenJDK 64-Bit Server VM (21.0.11+10-LTS) for windows-amd64 JRE (21.0.11+10-LTS), built on 2026-04-21T00:00:00Z by "admin" with MS VC++ 17.12 (VS2022)

END.
